###

###
[
    {
        "community": "test"
    }
]

###
[
    {
        "rx_pkt": 0,
        "tx_pkt": 2,
        "type": "transop"
    },
    {
        "rx_pkt": 0,
        "tx_pkt": 0,
        "type": "p2p"
    },
    {
        "rx_pkt": 0,
        "tx_pkt": 2,
        "type": "super"
    },
    {
        "rx_pkt": 0,
        "tx_pkt": 2,
        "type": "super_broadcast"
    }
]

###
[]

###
[
    {
        "traceLevel": 2
    }
]

###
Traceback (most recent call last):
  File "/home/hamish/r/n2n/./scripts/n2n-ctl", line 258, in <module>
    main()
  File "/home/hamish/r/n2n/./scripts/n2n-ctl", line 249, in main
    result = func(rpc, args)
  File "/home/hamish/r/n2n/./scripts/n2n-ctl", line 205, in subcmd_default
    rows = rpc.write(cmdline)
  File "/home/hamish/r/n2n/./scripts/n2n-ctl", line 106, in write
    return self._call('w', cmdline)
  File "/home/hamish/r/n2n/./scripts/n2n-ctl", line 100, in _call
    return self._rx(tagstr)
  File "/home/hamish/r/n2n/./scripts/n2n-ctl", line 53, in _rx
    raise ValueError('Error: {}'.format(data['error']))
ValueError: Error: badauth

###
[
    {
        "traceLevel": 1
    }
]

###
[
    {
        "keep_running": 1
    }
]

###
[
    {
        "keep_running": 0
    }
]

###
[
    {
        "keep_running": 0
    }
]

